
[1m[46m RUN [49m[22m [36mv4.0.18 [39m[90m/Users/pekay/Documents/GitHub/aerojet-academy[39m

 [31m❯[39m app/(staff)/staff/dashboard/_components/DashboardClient.test.tsx [2m([22m[2m0 test[22m[2m)[22m

[31m⎯⎯⎯⎯⎯⎯[39m[1m[41m Failed Suites 1 [49m[22m[31m⎯⎯⎯⎯⎯⎯⎯[39m

[41m[1m FAIL [22m[49m app/(staff)/staff/dashboard/_components/DashboardClient.test.tsx[2m [ app/(staff)/staff/dashboard/_components/DashboardClient.test.tsx ][22m
[31m[1mError[22m: Failed to resolve import "@/components/ui/card" from "app/(staff)/staff/dashboard/_components/DashboardClient.tsx". Does the file exist?[39m
  Plugin: [35mvite:import-analysis[39m
  File: [36m/Users/pekay/Documents/GitHub/aerojet-academy/app/(staff)/staff/dashboard/_components/DashboardClient.tsx[39m:4:74
[33m  2  |  import { jsxDEV } from "react/jsx-dev-runtime";
  3  |  import { useState, useEffect } from "react";
  4  |  import { Card, CardContent, CardHeader, CardTitle, CardDescription } from "@/components/ui/card";
     |                                                                             ^
  5  |  import { Progress } from "@/components/ui/progress";
  6  |  import { Button } from "@/components/ui/button";[39m
[90m [2m❯[22m TransformPluginContext._formatLog node_modules/vite/dist/node/chunks/config.js:[2m28999:43[22m[39m
[90m [2m❯[22m TransformPluginContext.error node_modules/vite/dist/node/chunks/config.js:[2m28996:14[22m[39m
[90m [2m❯[22m normalizeUrl node_modules/vite/dist/node/chunks/config.js:[2m27119:18[22m[39m
[90m [2m❯[22m node_modules/vite/dist/node/chunks/config.js:[2m27177:32[22m[39m
[90m [2m❯[22m TransformPluginContext.transform node_modules/vite/dist/node/chunks/config.js:[2m27145:4[22m[39m
[90m [2m❯[22m EnvironmentPluginContainer.transform node_modules/vite/dist/node/chunks/config.js:[2m28797:14[22m[39m
[90m [2m❯[22m loadAndTransform node_modules/vite/dist/node/chunks/config.js:[2m22670:26[22m[39m

[31m[2m⎯⎯⎯⎯⎯⎯⎯⎯⎯⎯⎯⎯⎯⎯⎯⎯⎯⎯⎯⎯⎯⎯⎯⎯[1/1]⎯[22m[39m


[2m Test Files [22m [1m[31m1 failed[39m[22m[90m (1)[39m
[2m      Tests [22m [2mno tests[22m
[2m   Start at [22m 14:49:29
[2m   Duration [22m 5.12s[2m (transform 138ms, setup 356ms, import 0ms, tests 0ms, environment 2.92s)[22m

