.next/dev/types/validator.ts(746,39): error TS2307: Cannot find module '../../../app/api/debug/fees/route.js' or its corresponding type declarations.
.next/dev/types/validator.ts(755,39): error TS2307: Cannot find module '../../../app/api/finance/approve-fee/route.js' or its corresponding type declarations.
.next/dev/types/validator.ts(764,39): error TS2307: Cannot find module '../../../app/api/finance/pending-fees/route.js' or its corresponding type declarations.
.next/dev/types/validator.ts(773,39): error TS2307: Cannot find module '../../../app/api/finance/reject-fee/route.js' or its corresponding type declarations.
.next/dev/types/validator.ts(854,39): error TS2307: Cannot find module '../../../app/api/setup-admin/route.js' or its corresponding type declarations.
app/(staff)/staff/dashboard/_components/DashboardClient.test.tsx(20,1): error TS2582: Cannot find name 'describe'. Do you need to install type definitions for a test runner? Try `npm i --save-dev @types/jest` or `npm i --save-dev @types/mocha`.
app/(staff)/staff/dashboard/_components/DashboardClient.test.tsx(21,5): error TS2304: Cannot find name 'beforeEach'.
app/(staff)/staff/dashboard/_components/DashboardClient.test.tsx(36,5): error TS2582: Cannot find name 'it'. Do you need to install type definitions for a test runner? Try `npm i --save-dev @types/jest` or `npm i --save-dev @types/mocha`.
app/(staff)/staff/dashboard/_components/DashboardClient.test.tsx(38,29): error TS2304: Cannot find name 'expect'.
app/(staff)/staff/dashboard/_components/DashboardClient.test.tsx(41,5): error TS2582: Cannot find name 'it'. Do you need to install type definitions for a test runner? Try `npm i --save-dev @types/jest` or `npm i --save-dev @types/mocha`.
app/(staff)/staff/dashboard/_components/DashboardClient.test.tsx(43,29): error TS2304: Cannot find name 'expect'.
app/(staff)/staff/dashboard/_components/DashboardClient.test.tsx(44,9): error TS2304: Cannot find name 'expect'.
